// Jest Snapshot v1, https://goo.gl/fbAQLP

exports[`matches snapshot 1`] = `
<DocumentFragment>
  <div
    class="boxMain"
  >
    <div>
      <p
        class="boxText"
      >
         x 
      </p>
      <button
        class="boxRemoveBtn"
      >
        X
      </button>
    </div>
  </div>
</DocumentFragment>
`;
